pybullet build time: Jun 16 2026 02:10:47
/usr/local/lib/python3.12/dist-packages/gym_pybullet_drones/envs/BaseAviary.py:7: UserWarning: pkg_resources is deprecated as an API. See https://setuptools.pypa.io/en/latest/pkg_resources.html. The pkg_resources package is slated for removal as early as 2025-11-30. Refrain from using this package or pin to Setuptools<81.
  import pkg_resources
============================================================
CAE Real Swarm Benchmarker | Trials per Terrain: 1 | Random: False
============================================================

Benchmarking Terrain: City Map
  Trial 1/1 | Seed: 1337... SUCCESS (618 steps, min_dist=0.824m, landing=True, descent=True, assist=113/87, wall=3.89s)

Benchmarking Terrain: Open/Valley
  Trial 1/1 | Seed: 1337... SUCCESS (1416 steps, min_dist=0.158m, landing=True, descent=True, assist=104/829, wall=11.41s)

Benchmarking Terrain: Mountain
  Trial 1/1 | Seed: 1337... TIMEOUT (146 steps, min_dist=40.15m, landing=False, descent=False, assist=146/0, wall=18.69s)

Benchmarking Terrain: Village
  Trial 1/1 | Seed: 1337... SUCCESS (2719 steps, min_dist=0.227m, landing=True, descent=True, assist=131/615, wall=69.99s)

Benchmarking Terrain: Warehouse
  Trial 1/1 | Seed: 1337... TIMEOUT (3000 steps, min_dist=0.13m, landing=True, descent=True, assist=135/2413, wall=117.21s)

Benchmarking Terrain: Forest
  Trial 1/1 | Seed: 1337... SUCCESS (679 steps, min_dist=2.357m, landing=True, descent=True, assist=41/139, wall=47.63s)

============================================================
BENCHMARK SUMMARY
============================================================
Total Trials: 6
Successes:    4 (66.7%)
Collisions:   0
Timeouts:     2
Landing Seen: 5
Approach Assist Seen: 6
Terminal Assist Seen: 5
Descent Seen: 5
Avg Steps (Success): 1358.0
Avg Wall Time:       33.23s

Detailed results saved to: benchmarks/benchmark_20260616_140758.csv
============================================================
