pybullet build time: Jun 16 2026 02:10:47
/usr/local/lib/python3.12/dist-packages/gym_pybullet_drones/envs/BaseAviary.py:7: UserWarning: pkg_resources is deprecated as an API. See https://setuptools.pypa.io/en/latest/pkg_resources.html. The pkg_resources package is slated for removal as early as 2025-11-30. Refrain from using this package or pin to Setuptools<81.
  import pkg_resources
============================================================
CAE Real Swarm Benchmarker | Trials per Terrain: 1 | Random: False
============================================================

Benchmarking Terrain: City Map
  Trial 1/1 | Seed: 1337... TIMEOUT (3000 steps, min_dist=3.123m, wall=10.79s)

Benchmarking Terrain: Open/Valley
  Trial 1/1 | Seed: 1337... TIMEOUT (3000 steps, min_dist=0.517m, wall=21.23s)

Benchmarking Terrain: Mountain
  Trial 1/1 | Seed: 1337... COLLISION (1689 steps, min_dist=5.104m, wall=179.59s)

Benchmarking Terrain: Village
  Trial 1/1 | Seed: 1337... TIMEOUT (3000 steps, min_dist=73.84m, wall=83.20s)

Benchmarking Terrain: Warehouse
  Trial 1/1 | Seed: 1337... TIMEOUT (3000 steps, min_dist=3.261m, wall=176.18s)

Benchmarking Terrain: Forest
  Trial 1/1 | Seed: 1337... TIMEOUT (3000 steps, min_dist=0.52m, wall=179.52s)

============================================================
BENCHMARK SUMMARY
============================================================
Total Trials: 6
Successes:    0 (0.0%)
Collisions:   1
Timeouts:     5

Detailed results saved to: benchmarks/benchmark_20260616_034419.csv
============================================================
