pybullet build time: Jun 16 2026 02:10:47
/usr/local/lib/python3.12/dist-packages/gym_pybullet_drones/envs/BaseAviary.py:7: UserWarning: pkg_resources is deprecated as an API. See https://setuptools.pypa.io/en/latest/pkg_resources.html. The pkg_resources package is slated for removal as early as 2025-11-30. Refrain from using this package or pin to Setuptools<81.
  import pkg_resources
============================================================
CAE Real Swarm Benchmarker | Trials per Terrain: 1 | Random: False
============================================================

Benchmarking Terrain: City Map
  Trial 1/1 | Seed: 1337... SUCCESS (780 steps, min_dist=0.731m, landing=True, descent=True, wall=4.31s)

Benchmarking Terrain: Open/Valley
  Trial 1/1 | Seed: 1337... SUCCESS (1182 steps, min_dist=0.146m, landing=True, descent=True, wall=9.44s)

Benchmarking Terrain: Mountain
  Trial 1/1 | Seed: 1337... COLLISION (945 steps, min_dist=25.307m, landing=True, descent=True, wall=117.53s)

Benchmarking Terrain: Village
  Trial 1/1 | Seed: 1337... SUCCESS (2655 steps, min_dist=0.326m, landing=True, descent=True, wall=70.44s)

Benchmarking Terrain: Warehouse
  Trial 1/1 | Seed: 1337... COLLISION (1211 steps, min_dist=0.272m, landing=True, descent=True, wall=37.10s)

Benchmarking Terrain: Forest
  Trial 1/1 | Seed: 1337... SUCCESS (674 steps, min_dist=2.367m, landing=True, descent=True, wall=42.91s)

============================================================
BENCHMARK SUMMARY
============================================================
Total Trials: 6
Successes:    4 (66.7%)
Collisions:   2
Timeouts:     0
Landing Seen: 6
Descent Seen: 6
Avg Steps (Success): 1322.8
Avg Wall Time:       31.78s

Detailed results saved to: benchmarks/benchmark_20260616_052906.csv
============================================================
